2026-03-02 01:43:35 - INFO - Configuration loaded successfully.
2026-03-02 01:43:35 - INFO - Tray menu initialized
2026-03-02 01:43:35 - INFO - Cloud-Sync
2026-03-02 01:43:35 - INFO - mount-disc
2026-03-02 01:43:35 - INFO - Kill-Game
2026-03-02 01:43:35 - INFO - Kill-List
2026-03-02 01:43:35 - INFO - Controller-Mapper
2026-03-02 01:43:35 - INFO -   - Controller Mapper or P1 Profile not configured/found.
2026-03-02 01:43:35 - INFO - Monitor-Config
2026-03-02 01:43:35 - INFO - No-TB
2026-03-02 01:43:35 - INFO - Pre1
2026-03-02 01:43:35 - INFO - Borderless
2026-03-02 01:43:35 - INFO - Pre2
2026-03-02 01:43:35 - INFO - Pre3
2026-03-02 01:43:35 - INFO - Running game...
2026-03-02 01:43:35 - INFO - Game process started successfully (PID: 8460)
2026-03-02 01:43:49 - INFO - Change config requested from tray menu
2026-03-02 01:43:49 - INFO - Config editor dialog window created successfully
2026-03-02 01:46:12 - INFO - Display config requested from tray menu
2026-03-02 01:46:21 - INFO - Stop requested from tray menu
2026-03-02 01:46:21 - INFO - Kill-Game
2026-03-02 01:46:21 - INFO - Kill-List
2026-03-02 01:46:21 - INFO - Monitor-Config
2026-03-02 01:46:21 - INFO - Taskbar
2026-03-02 01:46:21 - INFO - Post1
2026-03-02 01:46:21 - INFO - Controller-Mapper
2026-03-02 01:46:21 - INFO - Post2
2026-03-02 01:46:21 - INFO - Borderless
2026-03-02 01:46:21 - INFO - Post3
2026-03-02 01:46:21 - INFO - Unmount-disc
2026-03-02 01:46:21 - INFO - Cloud-Sync
2026-03-02 01:46:21 - INFO - Game process terminated
2026-03-02 01:46:27 - INFO - Exit requested from tray menu
2026-03-02 01:46:27 - INFO - Stop requested from tray menu
2026-03-02 01:46:27 - INFO - Kill-Game
2026-03-02 01:46:27 - INFO - Kill-List
2026-03-02 01:46:27 - INFO - Monitor-Config
2026-03-02 01:46:27 - INFO - Taskbar
2026-03-02 01:46:27 - INFO - Post1
2026-03-02 01:46:27 - INFO - Controller-Mapper
2026-03-02 01:46:27 - INFO - Post2
2026-03-02 01:46:27 - INFO - Borderless
2026-03-02 01:46:27 - INFO - Post3
2026-03-02 01:46:27 - INFO - Unmount-disc
2026-03-02 01:46:27 - INFO - Cloud-Sync
2026-03-02 01:46:27 - INFO - Tray menu cleaned up
2026-03-02 01:57:12 - INFO - Configuration loaded successfully.
2026-03-02 01:57:12 - INFO - Tray menu initialized
2026-03-02 01:57:12 - INFO - Cloud-Sync
2026-03-02 01:57:12 - INFO - mount-disc
2026-03-02 01:57:12 - INFO - Kill-Game
2026-03-02 01:57:13 - INFO - Kill-List
2026-03-02 01:57:13 - INFO - Controller-Mapper
2026-03-02 01:57:13 - INFO -   - Controller Mapper or P1 Profile not configured/found.
2026-03-02 01:57:13 - INFO - Monitor-Config
2026-03-02 01:57:13 - INFO - No-TB
2026-03-02 01:57:13 - INFO - Pre1
2026-03-02 01:57:13 - INFO - Borderless
2026-03-02 01:57:13 - INFO - Pre2
2026-03-02 01:57:13 - INFO - Pre3
2026-03-02 01:57:13 - INFO - Running game...
2026-03-02 01:57:13 - INFO - Game process started successfully (PID: 9192)
2026-03-02 01:57:25 - INFO - Change config requested from tray menu
2026-03-02 01:57:25 - INFO - Config editor dialog window created successfully
2026-03-02 01:58:31 - INFO - Kill-Game
2026-03-02 01:58:31 - INFO - Kill-List
2026-03-02 01:58:31 - INFO - Monitor-Config
2026-03-02 01:58:31 - INFO - Taskbar
2026-03-02 01:58:31 - INFO - Post1
2026-03-02 01:58:31 - INFO - Controller-Mapper
2026-03-02 01:58:31 - INFO - Post2
2026-03-02 01:58:31 - INFO - Borderless
2026-03-02 01:58:31 - INFO - Post3
2026-03-02 01:58:31 - INFO - Unmount-disc
2026-03-02 01:58:31 - INFO - Cloud-Sync
2026-03-02 01:58:31 - INFO - Ensuring cleanup...
2026-03-02 01:58:31 - INFO - Cleaning up background processes...
2026-03-02 01:58:31 - INFO - Tray menu cleaned up
2026-03-02 01:58:31 - INFO - Launcher finished.
2026-03-02 02:15:49 - INFO - Configuration loaded successfully.
2026-03-02 02:15:49 - INFO - Tray menu initialized
2026-03-02 02:15:49 - INFO - Cloud-Sync
2026-03-02 02:15:49 - INFO - mount-disc
2026-03-02 02:15:49 - INFO - Kill-Game
2026-03-02 02:15:49 - INFO - Kill-List
2026-03-02 02:15:49 - INFO - Controller-Mapper
2026-03-02 02:15:49 - INFO -   - Controller Mapper or P1 Profile not configured/found.
2026-03-02 02:15:49 - INFO - Monitor-Config
2026-03-02 02:15:49 - INFO - No-TB
2026-03-02 02:15:49 - INFO - Pre1
2026-03-02 02:15:49 - INFO - Borderless
2026-03-02 02:15:49 - INFO - Pre2
2026-03-02 02:15:49 - INFO - Pre3
2026-03-02 02:15:49 - INFO - Running game...
2026-03-02 02:15:49 - INFO - Game process started successfully (PID: 1940)
2026-03-02 02:16:05 - INFO - Change config requested from tray menu
2026-03-02 02:16:05 - INFO - Config editor dialog window created successfully
2026-03-02 02:16:49 - INFO - Change config requested from tray menu
2026-03-02 02:16:49 - INFO - Config editor dialog window created successfully
2026-03-02 02:17:15 - INFO - Restarting launcher to apply configuration changes
2026-03-02 02:17:15 - INFO - Restart requested from tray menu
2026-03-02 02:17:15 - INFO - Stop requested from tray menu
2026-03-02 02:17:15 - INFO - Kill-Game
2026-03-02 02:17:15 - INFO - Kill-List
2026-03-02 02:17:15 - INFO - Monitor-Config
2026-03-02 02:17:15 - INFO - Taskbar
2026-03-02 02:17:15 - INFO - Post1
2026-03-02 02:17:15 - INFO - Controller-Mapper
2026-03-02 02:17:15 - INFO - Post2
2026-03-02 02:17:15 - INFO - Borderless
2026-03-02 02:17:15 - INFO - Post3
2026-03-02 02:17:15 - INFO - Unmount-disc
2026-03-02 02:17:15 - INFO - Cloud-Sync
2026-03-02 02:17:16 - INFO - Game process terminated
2026-03-02 02:17:17 - INFO - Launcher restarted
2026-03-02 02:17:17 - INFO - Exit requested from tray menu
2026-03-02 02:17:17 - INFO - Stop requested from tray menu
2026-03-02 02:17:17 - INFO - Kill-Game
2026-03-02 02:17:17 - INFO - Kill-List
2026-03-02 02:17:17 - INFO - Monitor-Config
2026-03-02 02:17:17 - INFO - Taskbar
2026-03-02 02:17:17 - INFO - Post1
2026-03-02 02:17:17 - INFO - Controller-Mapper
2026-03-02 02:17:17 - INFO - Post2
2026-03-02 02:17:17 - INFO - Borderless
2026-03-02 02:17:17 - INFO - Post3
2026-03-02 02:17:17 - INFO - Unmount-disc
2026-03-02 02:17:17 - INFO - Cloud-Sync
2026-03-02 02:17:17 - INFO - Tray menu cleaned up
2026-03-02 02:23:38 - INFO - Configuration loaded successfully.
2026-03-02 02:23:38 - INFO - Tray menu initialized
2026-03-02 02:23:38 - INFO - Cloud-Sync
2026-03-02 02:23:38 - INFO - mount-disc
2026-03-02 02:23:38 - INFO - Kill-Game
2026-03-02 02:23:38 - INFO - Kill-List
2026-03-02 02:23:38 - INFO - Controller-Mapper
2026-03-02 02:23:38 - INFO -   - Controller Mapper or P1 Profile not configured/found.
2026-03-02 02:23:38 - INFO - Monitor-Config
2026-03-02 02:23:38 - INFO - No-TB
2026-03-02 02:23:38 - INFO - Pre1
2026-03-02 02:23:38 - INFO - Borderless
2026-03-02 02:23:38 - INFO - Pre2
2026-03-02 02:23:38 - INFO - Pre3
2026-03-02 02:23:38 - INFO - Running game...
2026-03-02 02:23:38 - INFO - Game process started successfully (PID: 10132)
2026-03-02 02:23:53 - INFO - Change config requested from tray menu
2026-03-02 02:23:53 - INFO - Config editor dialog window created successfully
2026-03-02 02:24:16 - INFO - Restarting launcher to apply configuration changes
2026-03-02 02:24:16 - INFO - Restart requested from tray menu
2026-03-02 02:24:16 - INFO - Stop requested from tray menu
2026-03-02 02:24:16 - INFO - Kill-Game
2026-03-02 02:24:16 - INFO - Kill-List
2026-03-02 02:24:16 - INFO - Monitor-Config
2026-03-02 02:24:16 - INFO - Taskbar
2026-03-02 02:24:16 - INFO - Post1
2026-03-02 02:24:16 - INFO - Controller-Mapper
2026-03-02 02:24:16 - INFO - Post2
2026-03-02 02:24:16 - INFO - Borderless
2026-03-02 02:24:16 - INFO - Post3
2026-03-02 02:24:16 - INFO - Unmount-disc
2026-03-02 02:24:17 - INFO - Cloud-Sync
2026-03-02 02:24:17 - INFO - Game process terminated
2026-03-02 02:24:20 - INFO - Launcher restarted
2026-03-02 02:24:20 - INFO - Exit requested from tray menu
2026-03-02 02:24:20 - INFO - Stop requested from tray menu
2026-03-02 02:24:20 - INFO - Kill-Game
2026-03-02 02:24:20 - INFO - Kill-List
2026-03-02 02:24:20 - INFO - Monitor-Config
2026-03-02 02:24:20 - INFO - Taskbar
2026-03-02 02:24:20 - INFO - Post1
2026-03-02 02:24:20 - INFO - Controller-Mapper
2026-03-02 02:24:20 - INFO - Post2
2026-03-02 02:24:20 - INFO - Borderless
2026-03-02 02:24:20 - INFO - Post3
2026-03-02 02:24:20 - INFO - Unmount-disc
2026-03-02 02:24:20 - INFO - Cloud-Sync
2026-03-02 02:24:20 - INFO - Tray menu cleaned up
2026-03-02 02:24:20 - INFO - Kill-Game
2026-03-02 02:24:20 - INFO - Kill-List
2026-03-02 02:24:20 - INFO - Monitor-Config
2026-03-02 02:24:20 - INFO - Taskbar
2026-03-02 02:24:20 - INFO - Post1
2026-03-02 02:24:20 - INFO - Controller-Mapper
2026-03-02 02:24:20 - INFO - Post2
2026-03-02 02:24:20 - INFO - Borderless
2026-03-02 02:24:20 - INFO - Post3
2026-03-02 02:24:20 - INFO - Unmount-disc
2026-03-02 02:24:20 - INFO - Cloud-Sync
2026-03-02 02:24:20 - INFO - Ensuring cleanup...
2026-03-02 02:24:20 - INFO - Cleaning up background processes...
2026-03-02 02:24:20 - INFO - Launcher finished.
2026-03-02 02:25:02 - INFO - Configuration loaded successfully.
2026-03-02 02:25:02 - INFO - Tray menu initialized
2026-03-02 02:25:02 - INFO - Cloud-Sync
2026-03-02 02:25:02 - INFO - mount-disc
2026-03-02 02:25:02 - INFO - Kill-Game
2026-03-02 02:25:02 - INFO - Kill-List
2026-03-02 02:25:02 - INFO - Controller-Mapper
2026-03-02 02:25:02 - INFO -   - Controller Mapper or P1 Profile not configured/found.
2026-03-02 02:25:02 - INFO - Monitor-Config
2026-03-02 02:25:02 - INFO - No-TB
2026-03-02 02:25:02 - INFO - Pre1
2026-03-02 02:25:02 - INFO - Borderless
2026-03-02 02:25:02 - INFO - Pre2
2026-03-02 02:25:02 - INFO - Pre3
2026-03-02 02:25:02 - INFO - Cloud-Sync
2026-03-02 02:25:02 - INFO - Running game...
2026-03-02 02:25:02 - INFO - Game process started successfully (PID: 15004)
2026-03-02 02:25:09 - INFO - Change config requested from tray menu
2026-03-02 02:25:09 - INFO - Config editor dialog window created successfully
2026-03-02 02:25:35 - INFO - Stop requested from tray menu
2026-03-02 02:25:35 - INFO - Kill-Game
2026-03-02 02:25:35 - INFO - Kill-List
2026-03-02 02:25:35 - INFO - Monitor-Config
2026-03-02 02:25:35 - INFO - Taskbar
2026-03-02 02:25:35 - INFO - Post1
2026-03-02 02:25:35 - INFO - Controller-Mapper
2026-03-02 02:25:35 - INFO - Post2
2026-03-02 02:25:35 - INFO - Borderless
2026-03-02 02:25:35 - INFO - Post3
2026-03-02 02:25:35 - INFO - Unmount-disc
2026-03-02 02:25:35 - INFO - Cloud-Sync
2026-03-02 02:25:35 - INFO - Kill-Game
2026-03-02 02:25:35 - INFO - Game process terminated
2026-03-02 02:25:41 - INFO - Exit requested from tray menu
2026-03-02 02:25:41 - INFO - Stop requested from tray menu
2026-03-02 02:25:41 - INFO - Kill-Game
2026-03-02 02:25:41 - INFO - Kill-List
2026-03-02 02:25:41 - INFO - Monitor-Config
2026-03-02 02:25:41 - INFO - Taskbar
2026-03-02 02:25:41 - INFO - Post1
2026-03-02 02:25:41 - INFO - Controller-Mapper
2026-03-02 02:25:41 - INFO - Post2
2026-03-02 02:25:41 - INFO - Borderless
2026-03-02 02:25:41 - INFO - Post3
2026-03-02 02:25:41 - INFO - Unmount-disc
2026-03-02 02:25:41 - INFO - Cloud-Sync
2026-03-02 02:25:41 - INFO - Kill-Game
2026-03-02 02:25:41 - INFO - Tray menu cleaned up
2026-03-02 02:25:41 - INFO - Kill-Game
2026-03-02 02:25:41 - INFO - Kill-List
2026-03-02 02:25:41 - INFO - Monitor-Config
2026-03-02 02:25:41 - INFO - Taskbar
2026-03-02 02:25:41 - INFO - Post1
2026-03-02 02:25:41 - INFO - Controller-Mapper
2026-03-02 02:25:41 - INFO - Post2
2026-03-02 02:25:41 - INFO - Borderless
2026-03-02 02:25:41 - INFO - Post3
2026-03-02 02:25:41 - INFO - Unmount-disc
2026-03-02 02:25:41 - INFO - Cloud-Sync
2026-03-02 02:25:41 - INFO - Kill-Game
2026-03-02 02:25:41 - INFO - Ensuring cleanup...
2026-03-02 02:25:41 - INFO - Cleaning up background processes...
2026-03-02 02:25:41 - INFO - Launcher finished.
